C:/Users/Patrick/Documents/DCU/Masters Project/masters_project/All-DataLog/STM32CubeFunctionPack_ALLMEMS1_V4.2.0/Middlewares/Third_Party/FatFs/src/diskio.c:36:9:disk_status	8	static
C:/Users/Patrick/Documents/DCU/Masters Project/masters_project/All-DataLog/STM32CubeFunctionPack_ALLMEMS1_V4.2.0/Middlewares/Third_Party/FatFs/src/diskio.c:51:9:disk_initialize	8	static
C:/Users/Patrick/Documents/DCU/Masters Project/masters_project/All-DataLog/STM32CubeFunctionPack_ALLMEMS1_V4.2.0/Middlewares/Third_Party/FatFs/src/diskio.c:73:9:disk_read	16	static
C:/Users/Patrick/Documents/DCU/Masters Project/masters_project/All-DataLog/STM32CubeFunctionPack_ALLMEMS1_V4.2.0/Middlewares/Third_Party/FatFs/src/diskio.c:95:9:disk_write	16	static
C:/Users/Patrick/Documents/DCU/Masters Project/masters_project/All-DataLog/STM32CubeFunctionPack_ALLMEMS1_V4.2.0/Middlewares/Third_Party/FatFs/src/diskio.c:117:9:disk_ioctl	8	static
C:/Users/Patrick/Documents/DCU/Masters Project/masters_project/All-DataLog/STM32CubeFunctionPack_ALLMEMS1_V4.2.0/Middlewares/Third_Party/FatFs/src/diskio.c:135:14:get_fattime	0	static
