C:/Users/Patrick/Documents/DCU/Masters Project/masters_project/All-DataLog/STM32CubeFunctionPack_ALLMEMS1_V4.2.0/Middlewares/Third_Party/FatFs/src/ff_gen_drv.c:39:9:FATFS_LinkDriverEx	8	static
C:/Users/Patrick/Documents/DCU/Masters Project/masters_project/All-DataLog/STM32CubeFunctionPack_ALLMEMS1_V4.2.0/Middlewares/Third_Party/FatFs/src/ff_gen_drv.c:68:9:FATFS_LinkDriver	8	static
C:/Users/Patrick/Documents/DCU/Masters Project/masters_project/All-DataLog/STM32CubeFunctionPack_ALLMEMS1_V4.2.0/Middlewares/Third_Party/FatFs/src/ff_gen_drv.c:80:9:FATFS_UnLinkDriverEx	0	static
C:/Users/Patrick/Documents/DCU/Masters Project/masters_project/All-DataLog/STM32CubeFunctionPack_ALLMEMS1_V4.2.0/Middlewares/Third_Party/FatFs/src/ff_gen_drv.c:106:9:FATFS_UnLinkDriver	8	static
C:/Users/Patrick/Documents/DCU/Masters Project/masters_project/All-DataLog/STM32CubeFunctionPack_ALLMEMS1_V4.2.0/Middlewares/Third_Party/FatFs/src/ff_gen_drv.c:116:9:FATFS_GetAttachedDriversNbr	0	static
