C:/Users/Patrick/Documents/DCU/Masters Project/masters_project/All-DataLog/STM32CubeFunctionPack_ALLMEMS1_V4.2.0/Projects/STM32L476JG-SensorTile/Applications/ALLMEMS1/Src/datalog_application.c:450:17:csvProcess_HeaderInit	36	static
C:/Users/Patrick/Documents/DCU/Masters Project/masters_project/All-DataLog/STM32CubeFunctionPack_ALLMEMS1_V4.2.0/Projects/STM32L476JG-SensorTile/Applications/ALLMEMS1/Src/datalog_application.c:648:17:WavProcess_HeaderInit	8	static
C:/Users/Patrick/Documents/DCU/Masters Project/masters_project/All-DataLog/STM32CubeFunctionPack_ALLMEMS1_V4.2.0/Projects/STM32L476JG-SensorTile/Applications/ALLMEMS1/Src/datalog_application.c:741:17:WavProcess_HeaderUpdate	0	static
C:/Users/Patrick/Documents/DCU/Masters Project/masters_project/All-DataLog/STM32CubeFunctionPack_ALLMEMS1_V4.2.0/Projects/STM32L476JG-SensorTile/Applications/ALLMEMS1/Src/datalog_application.c:789:13:CreateFileName	24	static
C:/Users/Patrick/Documents/DCU/Masters Project/masters_project/All-DataLog/STM32CubeFunctionPack_ALLMEMS1_V4.2.0/Projects/STM32L476JG-SensorTile/Applications/ALLMEMS1/Src/datalog_application.c:769:13:floatToInt	24	static
C:/Users/Patrick/Documents/DCU/Masters Project/masters_project/All-DataLog/STM32CubeFunctionPack_ALLMEMS1_V4.2.0/Projects/STM32L476JG-SensorTile/Applications/ALLMEMS1/Src/datalog_application.c:91:6:DATALOG_SD_Init	8	static
C:/Users/Patrick/Documents/DCU/Masters Project/masters_project/All-DataLog/STM32CubeFunctionPack_ALLMEMS1_V4.2.0/Projects/STM32L476JG-SensorTile/Applications/ALLMEMS1/Src/datalog_application.c:117:9:DATALOG_SD_Log_Enable	24	static
C:/Users/Patrick/Documents/DCU/Masters Project/masters_project/All-DataLog/STM32CubeFunctionPack_ALLMEMS1_V4.2.0/Projects/STM32L476JG-SensorTile/Applications/ALLMEMS1/Src/datalog_application.c:207:9:DATALOG_SD_LogAudio_Enable	56	static
C:/Users/Patrick/Documents/DCU/Masters Project/masters_project/All-DataLog/STM32CubeFunctionPack_ALLMEMS1_V4.2.0/Projects/STM32L476JG-SensorTile/Applications/ALLMEMS1/Src/datalog_application.c:258:6:DATALOG_SD_DeInit	8	static
C:/Users/Patrick/Documents/DCU/Masters Project/masters_project/All-DataLog/STM32CubeFunctionPack_ALLMEMS1_V4.2.0/Projects/STM32L476JG-SensorTile/Applications/ALLMEMS1/Src/datalog_application.c:268:6:DATALOG_SD_Log_Disable	8	static
C:/Users/Patrick/Documents/DCU/Masters Project/masters_project/All-DataLog/STM32CubeFunctionPack_ALLMEMS1_V4.2.0/Projects/STM32L476JG-SensorTile/Applications/ALLMEMS1/Src/datalog_application.c:281:6:DATALOG_SD_LogAudio_Disable	24	static
C:/Users/Patrick/Documents/DCU/Masters Project/masters_project/All-DataLog/STM32CubeFunctionPack_ALLMEMS1_V4.2.0/Projects/STM32L476JG-SensorTile/Applications/ALLMEMS1/Src/datalog_application.c:310:6:writeAudio_on_sd	16	static
C:/Users/Patrick/Documents/DCU/Masters Project/masters_project/All-DataLog/STM32CubeFunctionPack_ALLMEMS1_V4.2.0/Projects/STM32L476JG-SensorTile/Applications/ALLMEMS1/Src/datalog_application.c:328:6:DATALOG_SD_NewLine	16	static
C:/Users/Patrick/Documents/DCU/Masters Project/masters_project/All-DataLog/STM32CubeFunctionPack_ALLMEMS1_V4.2.0/Projects/STM32L476JG-SensorTile/Applications/ALLMEMS1/Src/datalog_application.c:334:6:saveData	232	static
C:/Users/Patrick/Documents/DCU/Masters Project/masters_project/All-DataLog/STM32CubeFunctionPack_ALLMEMS1_V4.2.0/Projects/STM32L476JG-SensorTile/Applications/ALLMEMS1/Src/datalog_application.c:433:6:uSdWriteSpeedTest	8	static
