C:/Users/Patrick/Documents/DCU/Masters Project/masters_project/i2c_prototype/Core/Src/MiCS4154/DFRobot_MICS.c:202:7:getCarbonMonoxide	16	static
C:/Users/Patrick/Documents/DCU/Masters Project/masters_project/i2c_prototype/Core/Src/MiCS4154/DFRobot_MICS.c:215:7:getEthanol	16	static
C:/Users/Patrick/Documents/DCU/Masters Project/masters_project/i2c_prototype/Core/Src/MiCS4154/DFRobot_MICS.c:227:7:getMethane	16	static
C:/Users/Patrick/Documents/DCU/Masters Project/masters_project/i2c_prototype/Core/Src/MiCS4154/DFRobot_MICS.c:237:7:getNitrogenDioxide	16	static
C:/Users/Patrick/Documents/DCU/Masters Project/masters_project/i2c_prototype/Core/Src/MiCS4154/DFRobot_MICS.c:248:7:getHydrogen	16	static
C:/Users/Patrick/Documents/DCU/Masters Project/masters_project/i2c_prototype/Core/Src/MiCS4154/DFRobot_MICS.c:260:7:getAmmonia	16	static
C:/Users/Patrick/Documents/DCU/Masters Project/masters_project/i2c_prototype/Core/Src/MiCS4154/DFRobot_MICS.c:272:6:existIsoButane	8	static
C:/Users/Patrick/Documents/DCU/Masters Project/masters_project/i2c_prototype/Core/Src/MiCS4154/DFRobot_MICS.c:281:6:existPropane	8	static
C:/Users/Patrick/Documents/DCU/Masters Project/masters_project/i2c_prototype/Core/Src/MiCS4154/DFRobot_MICS.c:290:6:existHydrothion	16	static
C:/Users/Patrick/Documents/DCU/Masters Project/masters_project/i2c_prototype/Core/Src/MiCS4154/DFRobot_MICS.c:301:6:existNitricOxide	8	static
C:/Users/Patrick/Documents/DCU/Masters Project/masters_project/i2c_prototype/Core/Src/MiCS4154/DFRobot_MICS.c:310:6:existCarbonMonoxide	8	static
C:/Users/Patrick/Documents/DCU/Masters Project/masters_project/i2c_prototype/Core/Src/MiCS4154/DFRobot_MICS.c:319:6:existMethane	8	static
C:/Users/Patrick/Documents/DCU/Masters Project/masters_project/i2c_prototype/Core/Src/MiCS4154/DFRobot_MICS.c:328:6:existEthanol	8	static
C:/Users/Patrick/Documents/DCU/Masters Project/masters_project/i2c_prototype/Core/Src/MiCS4154/DFRobot_MICS.c:337:6:existHydrogen	8	static
C:/Users/Patrick/Documents/DCU/Masters Project/masters_project/i2c_prototype/Core/Src/MiCS4154/DFRobot_MICS.c:346:6:existAmmonia	8	static
C:/Users/Patrick/Documents/DCU/Masters Project/masters_project/i2c_prototype/Core/Src/MiCS4154/DFRobot_MICS.c:355:6:existNitrogenDioxide	8	static
C:/Users/Patrick/Documents/DCU/Masters Project/masters_project/i2c_prototype/Core/Src/MiCS4154/DFRobot_MICS.c:378:6:begin_mics	0	static
C:/Users/Patrick/Documents/DCU/Masters Project/masters_project/i2c_prototype/Core/Src/MiCS4154/DFRobot_MICS.c:386:6:writeData	24	static
C:/Users/Patrick/Documents/DCU/Masters Project/masters_project/i2c_prototype/Core/Src/MiCS4154/DFRobot_MICS.c:43:6:sleepMode	88	static
C:/Users/Patrick/Documents/DCU/Masters Project/masters_project/i2c_prototype/Core/Src/MiCS4154/DFRobot_MICS.c:49:6:wakeUpMode	88	static
C:/Users/Patrick/Documents/DCU/Masters Project/masters_project/i2c_prototype/Core/Src/MiCS4154/DFRobot_MICS.c:391:9:readData	24	static
C:/Users/Patrick/Documents/DCU/Masters Project/masters_project/i2c_prototype/Core/Src/MiCS4154/DFRobot_MICS.c:55:9:getPowerState	88	static
C:/Users/Patrick/Documents/DCU/Masters Project/masters_project/i2c_prototype/Core/Src/MiCS4154/DFRobot_MICS.c:364:9:getSensorData	104	static
C:/Users/Patrick/Documents/DCU/Masters Project/masters_project/i2c_prototype/Core/Src/MiCS4154/DFRobot_MICS.c:18:6:warmUpTime	96	static
C:/Users/Patrick/Documents/DCU/Masters Project/masters_project/i2c_prototype/Core/Src/MiCS4154/DFRobot_MICS.c:62:8:getGasExist	96	static
C:/Users/Patrick/Documents/DCU/Masters Project/masters_project/i2c_prototype/Core/Src/MiCS4154/DFRobot_MICS.c:148:10:getAllSensorData	112	static
C:/Users/Patrick/Documents/DCU/Masters Project/masters_project/i2c_prototype/Core/Src/MiCS4154/DFRobot_MICS.c:169:7:getGasData	96	static
