main.c:2631:13:AddSecOrMin	5
main.c:2664:13:AddHours	4
main.c:2816:13:AccCalibTest	5
main.c:2257:13:SystemClock_Config	5
main.c:2735:13:MX_GPIO_Init	1
main.c:3053:22:ReCallNodeNameFromMemory	3
main.c:3120:22:ReCallDataLogStatusFromMemory	2
main.c:3148:22:ReCallMemsDataFileNameFromMemory	3
main.c:2114:13:Init_BlueNRG_Stack	7
main.c:2203:13:Init_BlueNRG_Custom_Services	4
main.c:1156:13:MEMSCallback	23
main.c:1063:13:ButtonCallback	7
main.c:3025:22:ResetMagnetoCalibrationInMemory	3
main.c:1114:13:ReCalibration	6
main.c:1657:13:SendAudioLevelData	2
main.c:1878:13:SendBatteryInfoData	3
main.c:1237:13:SendMotionData	1
main.c:1438:13:ComputeMotionSD	4
main.c:1484:13:ComputeMotionTL	1
main.c:839:6:Set2GAccelerometerFullScale	1
main.c:911:6:Set4GAccelerometerFullScale	1
main.c:926:6:HAL_TIM_OC_DelayElapsedCallback	13
main.c:1025:6:HAL_TIM_PeriodElapsedCallback	10
main.c:1546:9:CollectData	5
main.c:1586:6:GetEstimatedMeasTime	2
main.c:1638:6:AudioProcess_DB_Noise	4
main.c:1608:6:AudioProcess	4
main.c:1681:6:BSP_AUDIO_IN_HalfTransfer_CallBack	1
main.c:1691:6:BSP_AUDIO_IN_TransferComplete_CallBack	1
main.c:1704:6:ReadEnvironmentalData	3
main.c:1853:6:readMOXData	1
main.c:2693:6:HAL_RTC_AlarmAEventCallback	1
main.c:2703:6:RTC_GetCurrentDateTime	1
main.c:2720:6:HAL_Delay	2
main.c:888:6:probing_sps30	3
main.c:1816:6:readAQData	5
main.c:1748:13:SendEnvironmentalData	7
main.c:1867:6:SendEnvMotionData	1
main.c:849:6:sps_init	5
main.c:2766:6:Error_Handler	1
main.c:1914:13:MX_CRC_Init	1
main.c:1931:13:InitTimers	1
main.c:2066:13:DeinitTimers	1
main.c:2326:6:MCU_PowerSave	8
main.c:2517:6:RTC_DataConfig	1
main.c:2542:6:RTC_TimeConfig	1
main.c:2567:6:RTC_AlarmConfig	4
main.c:3083:13:SdCardMemsRecordingRun	5
main.c:2778:6:HAL_GPIO_EXTI_Callback	3
main.c:2850:15:ReCallAccellerometerCalibrationFromMemory	3
main.c:2877:15:SaveAccellerometerCalibrationToMemory	4
main.c:2913:15:ResetAccellerometerCalibrationInMemory	3
main.c:2978:15:ReCallMagnetoCalibrationFromMemory	1
main.c:2940:13:MagCalibTest	4
main.c:2995:15:SaveMagnetoCalibrationToMemory	2
main.c:1301:13:ComputeQuaternions	15
main.c:480:5:main	44
