C:/Users/Patrick/Documents/DCU/Masters Project/masters_project/All-DataLog/STM32CubeFunctionPack_ALLMEMS1_V4.2.0/Projects/STM32L476JG-SensorTile/Applications/ALLMEMS1/Src/MotionVC_Manager.c:43:6:MotionVC_manager_init	304	static
C:/Users/Patrick/Documents/DCU/Masters Project/masters_project/All-DataLog/STM32CubeFunctionPack_ALLMEMS1_V4.2.0/Projects/STM32L476JG-SensorTile/Applications/ALLMEMS1/Src/MotionVC_Manager.c:60:6:MotionVC_manager_update	8	static
C:/Users/Patrick/Documents/DCU/Masters Project/masters_project/All-DataLog/STM32CubeFunctionPack_ALLMEMS1_V4.2.0/Projects/STM32L476JG-SensorTile/Applications/ALLMEMS1/Src/MotionVC_Manager.c:71:6:MotionVC_manager_get_version	8	static
