C:/Users/Patrick/Documents/DCU/Masters Project/masters_project/i2c_prototype/Core/Src/SPS30_Git/sensirion_common.c:41:10:sensirion_bytes_to_uint16_t	0	static
C:/Users/Patrick/Documents/DCU/Masters Project/masters_project/i2c_prototype/Core/Src/SPS30_Git/sensirion_common.c:45:10:sensirion_bytes_to_uint32_t	0	static
C:/Users/Patrick/Documents/DCU/Masters Project/masters_project/i2c_prototype/Core/Src/SPS30_Git/sensirion_common.c:50:7:sensirion_bytes_to_float	8	static
C:/Users/Patrick/Documents/DCU/Masters Project/masters_project/i2c_prototype/Core/Src/SPS30_Git/sensirion_common.c:60:9:sensirion_common_generate_crc	0	static
C:/Users/Patrick/Documents/DCU/Masters Project/masters_project/i2c_prototype/Core/Src/SPS30_Git/sensirion_common.c:78:8:sensirion_common_check_crc	8	static
C:/Users/Patrick/Documents/DCU/Masters Project/masters_project/i2c_prototype/Core/Src/SPS30_Git/sensirion_common.c:85:9:sensirion_i2c_general_call_reset	16	static
C:/Users/Patrick/Documents/DCU/Masters Project/masters_project/i2c_prototype/Core/Src/SPS30_Git/sensirion_common.c:90:10:sensirion_fill_cmd_send_buf	32	static
C:/Users/Patrick/Documents/DCU/Masters Project/masters_project/i2c_prototype/Core/Src/SPS30_Git/sensirion_common.c:110:9:sensirion_i2c_read_words_as_bytes	88	static
C:/Users/Patrick/Documents/DCU/Masters Project/masters_project/i2c_prototype/Core/Src/SPS30_Git/sensirion_common.c:137:9:sensirion_i2c_read_words	16	static
C:/Users/Patrick/Documents/DCU/Masters Project/masters_project/i2c_prototype/Core/Src/SPS30_Git/sensirion_common.c:156:9:sensirion_i2c_write_cmd	16	static
C:/Users/Patrick/Documents/DCU/Masters Project/masters_project/i2c_prototype/Core/Src/SPS30_Git/sensirion_common.c:163:9:sensirion_i2c_write_cmd_with_args	40	static
C:/Users/Patrick/Documents/DCU/Masters Project/masters_project/i2c_prototype/Core/Src/SPS30_Git/sensirion_common.c:173:9:sensirion_i2c_delayed_read_cmd	24	static
C:/Users/Patrick/Documents/DCU/Masters Project/masters_project/i2c_prototype/Core/Src/SPS30_Git/sensirion_common.c:190:9:sensirion_i2c_read_cmd	16	static
