C:/Users/Patrick/Documents/DCU/Masters Project/masters_project/i2c_prototype/Core/Src/SPS30_Git/sps30.c:58:13:sps_get_driver_version	0	static
C:/Users/Patrick/Documents/DCU/Masters Project/masters_project/i2c_prototype/Core/Src/SPS30_Git/sps30.c:71:9:sps30_read_firmware_version	24	static
C:/Users/Patrick/Documents/DCU/Masters Project/masters_project/i2c_prototype/Core/Src/SPS30_Git/sps30.c:82:9:sps30_get_serial	8	static
C:/Users/Patrick/Documents/DCU/Masters Project/masters_project/i2c_prototype/Core/Src/SPS30_Git/sps30.c:121:9:sps30_read_data_ready	8	static
C:/Users/Patrick/Documents/DCU/Masters Project/masters_project/i2c_prototype/Core/Src/SPS30_Git/sps30.c:126:9:sps30_read_measurement	56	static
C:/Users/Patrick/Documents/DCU/Masters Project/masters_project/i2c_prototype/Core/Src/SPS30_Git/sps30.c:221:9:sps30_reset	8	static
C:/Users/Patrick/Documents/DCU/Masters Project/masters_project/i2c_prototype/Core/Src/SPS30_Git/sps30.c:249:9:sps30_read_device_status_register	24	static
C:/Users/Patrick/Documents/DCU/Masters Project/masters_project/i2c_prototype/Core/Src/SPS30_Git/sps30.c:267:19:sensirion_i2c_init	8	static
C:/Users/Patrick/Documents/DCU/Masters Project/masters_project/i2c_prototype/Core/Src/SPS30_Git/sps30.c:302:6:sensirion_i2c_release	0	static
C:/Users/Patrick/Documents/DCU/Masters Project/masters_project/i2c_prototype/Core/Src/SPS30_Git/sps30.c:315:8:sensirion_i2c_read	16	static
C:/Users/Patrick/Documents/DCU/Masters Project/masters_project/i2c_prototype/Core/Src/SPS30_Git/sps30.c:331:8:sensirion_i2c_write	16	static
C:/Users/Patrick/Documents/DCU/Masters Project/masters_project/i2c_prototype/Core/Src/SPS30_Git/sps30.c:343:6:sensirion_sleep_usec	8	static
C:/Users/Patrick/Documents/DCU/Masters Project/masters_project/i2c_prototype/Core/Src/SPS30_Git/sps30.c:102:9:sps30_start_measurement	16	static
C:/Users/Patrick/Documents/DCU/Masters Project/masters_project/i2c_prototype/Core/Src/SPS30_Git/sps30.c:114:9:sps30_stop_measurement	8	static
C:/Users/Patrick/Documents/DCU/Masters Project/masters_project/i2c_prototype/Core/Src/SPS30_Git/sps30.c:157:9:sps30_get_fan_auto_cleaning_interval	24	static
C:/Users/Patrick/Documents/DCU/Masters Project/masters_project/i2c_prototype/Core/Src/SPS30_Git/sps30.c:192:9:sps30_get_fan_auto_cleaning_interval_days	16	static
C:/Users/Patrick/Documents/DCU/Masters Project/masters_project/i2c_prototype/Core/Src/SPS30_Git/sps30.c:180:9:sps30_set_fan_auto_cleaning_interval	16	static
C:/Users/Patrick/Documents/DCU/Masters Project/masters_project/i2c_prototype/Core/Src/SPS30_Git/sps30.c:204:9:sps30_set_fan_auto_cleaning_interval_days	8	static
C:/Users/Patrick/Documents/DCU/Masters Project/masters_project/i2c_prototype/Core/Src/SPS30_Git/sps30.c:209:9:sps30_start_manual_fan_cleaning	8	static
C:/Users/Patrick/Documents/DCU/Masters Project/masters_project/i2c_prototype/Core/Src/SPS30_Git/sps30.c:225:9:sps30_sleep	8	static
C:/Users/Patrick/Documents/DCU/Masters Project/masters_project/i2c_prototype/Core/Src/SPS30_Git/sps30.c:236:9:sps30_wake_up	8	static
C:/Users/Patrick/Documents/DCU/Masters Project/masters_project/i2c_prototype/Core/Src/SPS30_Git/sps30.c:62:9:sps30_probe	40	static
