C:/Users/Patrick/Documents/DCU/Masters Project/masters_project/All-DataLog/STM32CubeFunctionPack_ALLMEMS1_V4.2.0/Projects/STM32L476JG-SensorTile/Applications/ALLMEMS1/Src/AudioBV_Manager.c:61:6:AudioBV_Manager_init	272	static
C:/Users/Patrick/Documents/DCU/Masters Project/masters_project/All-DataLog/STM32CubeFunctionPack_ALLMEMS1_V4.2.0/Projects/STM32L476JG-SensorTile/Applications/ALLMEMS1/Src/AudioBV_Manager.c:157:6:SW_Task3_Start	8	static
C:/Users/Patrick/Documents/DCU/Masters Project/masters_project/All-DataLog/STM32CubeFunctionPack_ALLMEMS1_V4.2.0/Projects/STM32L476JG-SensorTile/Applications/ALLMEMS1/Src/AudioBV_Manager.c:95:6:AudioProcess_BV	8	static
C:/Users/Patrick/Documents/DCU/Masters Project/masters_project/All-DataLog/STM32CubeFunctionPack_ALLMEMS1_V4.2.0/Projects/STM32L476JG-SensorTile/Applications/ALLMEMS1/Src/AudioBV_Manager.c:162:6:SW_BV_send_Callback	8	static
