C:/Users/Patrick/Documents/DCU/Masters Project/masters_project/i2c_prototype/Core/Src/MiCS4154/DFRobot_MICS.c:197:7:getCarbonMonoxide	16	static
C:/Users/Patrick/Documents/DCU/Masters Project/masters_project/i2c_prototype/Core/Src/MiCS4154/DFRobot_MICS.c:210:7:getEthanol	16	static
C:/Users/Patrick/Documents/DCU/Masters Project/masters_project/i2c_prototype/Core/Src/MiCS4154/DFRobot_MICS.c:222:7:getMethane	16	static
C:/Users/Patrick/Documents/DCU/Masters Project/masters_project/i2c_prototype/Core/Src/MiCS4154/DFRobot_MICS.c:232:7:getNitrogenDioxide	16	static
C:/Users/Patrick/Documents/DCU/Masters Project/masters_project/i2c_prototype/Core/Src/MiCS4154/DFRobot_MICS.c:243:7:getHydrogen	16	static
C:/Users/Patrick/Documents/DCU/Masters Project/masters_project/i2c_prototype/Core/Src/MiCS4154/DFRobot_MICS.c:255:7:getAmmonia	16	static
C:/Users/Patrick/Documents/DCU/Masters Project/masters_project/i2c_prototype/Core/Src/MiCS4154/DFRobot_MICS.c:267:6:existIsoButane	8	static
C:/Users/Patrick/Documents/DCU/Masters Project/masters_project/i2c_prototype/Core/Src/MiCS4154/DFRobot_MICS.c:276:6:existPropane	8	static
C:/Users/Patrick/Documents/DCU/Masters Project/masters_project/i2c_prototype/Core/Src/MiCS4154/DFRobot_MICS.c:285:6:existHydrothion	16	static
C:/Users/Patrick/Documents/DCU/Masters Project/masters_project/i2c_prototype/Core/Src/MiCS4154/DFRobot_MICS.c:296:6:existNitricOxide	8	static
C:/Users/Patrick/Documents/DCU/Masters Project/masters_project/i2c_prototype/Core/Src/MiCS4154/DFRobot_MICS.c:305:6:existCarbonMonoxide	8	static
C:/Users/Patrick/Documents/DCU/Masters Project/masters_project/i2c_prototype/Core/Src/MiCS4154/DFRobot_MICS.c:314:6:existMethane	8	static
C:/Users/Patrick/Documents/DCU/Masters Project/masters_project/i2c_prototype/Core/Src/MiCS4154/DFRobot_MICS.c:323:6:existEthanol	8	static
C:/Users/Patrick/Documents/DCU/Masters Project/masters_project/i2c_prototype/Core/Src/MiCS4154/DFRobot_MICS.c:332:6:existHydrogen	8	static
C:/Users/Patrick/Documents/DCU/Masters Project/masters_project/i2c_prototype/Core/Src/MiCS4154/DFRobot_MICS.c:341:6:existAmmonia	8	static
C:/Users/Patrick/Documents/DCU/Masters Project/masters_project/i2c_prototype/Core/Src/MiCS4154/DFRobot_MICS.c:350:6:existNitrogenDioxide	8	static
C:/Users/Patrick/Documents/DCU/Masters Project/masters_project/i2c_prototype/Core/Src/MiCS4154/DFRobot_MICS.c:375:6:begin_mics	0	static
C:/Users/Patrick/Documents/DCU/Masters Project/masters_project/i2c_prototype/Core/Src/MiCS4154/DFRobot_MICS.c:383:6:writeData	24	static
C:/Users/Patrick/Documents/DCU/Masters Project/masters_project/i2c_prototype/Core/Src/MiCS4154/DFRobot_MICS.c:43:6:sleepMode	88	static
C:/Users/Patrick/Documents/DCU/Masters Project/masters_project/i2c_prototype/Core/Src/MiCS4154/DFRobot_MICS.c:49:6:wakeUpMode	88	static
C:/Users/Patrick/Documents/DCU/Masters Project/masters_project/i2c_prototype/Core/Src/MiCS4154/DFRobot_MICS.c:388:9:readData	24	static
C:/Users/Patrick/Documents/DCU/Masters Project/masters_project/i2c_prototype/Core/Src/MiCS4154/DFRobot_MICS.c:55:9:getPowerState	88	static
C:/Users/Patrick/Documents/DCU/Masters Project/masters_project/i2c_prototype/Core/Src/MiCS4154/DFRobot_MICS.c:359:9:getSensorData	104	static
C:/Users/Patrick/Documents/DCU/Masters Project/masters_project/i2c_prototype/Core/Src/MiCS4154/DFRobot_MICS.c:18:6:warmUpTime	96	static
C:/Users/Patrick/Documents/DCU/Masters Project/masters_project/i2c_prototype/Core/Src/MiCS4154/DFRobot_MICS.c:62:8:getGasExist	96	static
C:/Users/Patrick/Documents/DCU/Masters Project/masters_project/i2c_prototype/Core/Src/MiCS4154/DFRobot_MICS.c:148:9:getAllSensorData	112	static
C:/Users/Patrick/Documents/DCU/Masters Project/masters_project/i2c_prototype/Core/Src/MiCS4154/DFRobot_MICS.c:164:7:getGasData	96	static
