C:/Users/Patrick/Documents/DCU/Masters Project/masters_project/All-DataLog/STM32CubeFunctionPack_ALLMEMS1_V4.2.0/Projects/STM32L476JG-SensorTile/Applications/ALLMEMS1/Src/MotionFA_Manager.c:44:6:MotionFA_manager_init	312	static
C:/Users/Patrick/Documents/DCU/Masters Project/masters_project/All-DataLog/STM32CubeFunctionPack_ALLMEMS1_V4.2.0/Projects/STM32L476JG-SensorTile/Applications/ALLMEMS1/Src/MotionFA_Manager.c:74:6:MotionFA_manager_run	8	static
C:/Users/Patrick/Documents/DCU/Masters Project/masters_project/All-DataLog/STM32CubeFunctionPack_ALLMEMS1_V4.2.0/Projects/STM32L476JG-SensorTile/Applications/ALLMEMS1/Src/MotionFA_Manager.c:101:6:MotionFA_manager_get_version	8	static
C:/Users/Patrick/Documents/DCU/Masters Project/masters_project/All-DataLog/STM32CubeFunctionPack_ALLMEMS1_V4.2.0/Projects/STM32L476JG-SensorTile/Applications/ALLMEMS1/Src/MotionFA_Manager.c:111:6:MotionFA_manager_reset_counter	8	static
C:/Users/Patrick/Documents/DCU/Masters Project/masters_project/All-DataLog/STM32CubeFunctionPack_ALLMEMS1_V4.2.0/Projects/STM32L476JG-SensorTile/Applications/ALLMEMS1/Src/MotionFA_Manager.c:137:6:MotionFA_manager_set_activity	0	static
C:/Users/Patrick/Documents/DCU/Masters Project/masters_project/All-DataLog/STM32CubeFunctionPack_ALLMEMS1_V4.2.0/Projects/STM32L476JG-SensorTile/Applications/ALLMEMS1/Src/MotionFA_Manager.c:147:6:MotionFA_manager_get_activity	0	static
