C:/Users/Patrick/Documents/DCU/Masters Project/masters_project/All-DataLog/STM32CubeFunctionPack_ALLMEMS1_V4.2.0/Drivers/BSP/SensorTile/SensorTile_sd.c:634:16:SD_GetDataResponse	8	static
C:/Users/Patrick/Documents/DCU/Masters Project/masters_project/All-DataLog/STM32CubeFunctionPack_ALLMEMS1_V4.2.0/Drivers/BSP/SensorTile/SensorTile_sd.c:610:16:SD_SendCmd	8	static
C:/Users/Patrick/Documents/DCU/Masters Project/masters_project/All-DataLog/STM32CubeFunctionPack_ALLMEMS1_V4.2.0/Drivers/BSP/SensorTile/SensorTile_sd.c:597:16:SD_SendCmd_wResp	8	static
C:/Users/Patrick/Documents/DCU/Masters Project/masters_project/All-DataLog/STM32CubeFunctionPack_ALLMEMS1_V4.2.0/Drivers/BSP/SensorTile/SensorTile_sd.c:693:16:SD_GoIdleState	24	static
C:/Users/Patrick/Documents/DCU/Masters Project/masters_project/All-DataLog/STM32CubeFunctionPack_ALLMEMS1_V4.2.0/Drivers/BSP/SensorTile/SensorTile_sd.c:370:9:SD_GetCSDRegister	32	static
C:/Users/Patrick/Documents/DCU/Masters Project/masters_project/All-DataLog/STM32CubeFunctionPack_ALLMEMS1_V4.2.0/Drivers/BSP/SensorTile/SensorTile_sd.c:504:16:SD_GetCIDRegister	32	static
C:/Users/Patrick/Documents/DCU/Masters Project/masters_project/All-DataLog/STM32CubeFunctionPack_ALLMEMS1_V4.2.0/Drivers/BSP/SensorTile/SensorTile_sd.c:134:9:BSP_SD_Init	8	static
C:/Users/Patrick/Documents/DCU/Masters Project/masters_project/All-DataLog/STM32CubeFunctionPack_ALLMEMS1_V4.2.0/Drivers/BSP/SensorTile/SensorTile_sd.c:168:9:BSP_SD_GetCardInfo	8	static
C:/Users/Patrick/Documents/DCU/Masters Project/masters_project/All-DataLog/STM32CubeFunctionPack_ALLMEMS1_V4.2.0/Drivers/BSP/SensorTile/SensorTile_sd.c:193:9:BSP_SD_ReadBlocks	32	static
C:/Users/Patrick/Documents/DCU/Masters Project/masters_project/All-DataLog/STM32CubeFunctionPack_ALLMEMS1_V4.2.0/Drivers/BSP/SensorTile/SensorTile_sd.c:274:9:BSP_SD_WriteBlocks	32	static
C:/Users/Patrick/Documents/DCU/Masters Project/masters_project/All-DataLog/STM32CubeFunctionPack_ALLMEMS1_V4.2.0/Drivers/BSP/SensorTile/SensorTile_sd.c:357:6:HAL_SPI_TxCpltCallback	0	static
C:/Users/Patrick/Documents/DCU/Masters Project/masters_project/All-DataLog/STM32CubeFunctionPack_ALLMEMS1_V4.2.0/Drivers/BSP/SensorTile/SensorTile_sd.c:683:9:BSP_SD_GetCardState	0	static
C:/Users/Patrick/Documents/DCU/Masters Project/masters_project/All-DataLog/STM32CubeFunctionPack_ALLMEMS1_V4.2.0/Drivers/BSP/SensorTile/SensorTile_sd.c:761:9:BSP_SD_Erase	8	static
