C:/Users/Patrick/Documents/DCU/Masters Project/masters_project/All-DataLog/STM32CubeFunctionPack_ALLMEMS1_V4.2.0/Drivers/BSP/SensorTile/SensorTile.c:242:13:SD_IO_SPI_MspInit	72	static
C:/Users/Patrick/Documents/DCU/Masters Project/masters_project/All-DataLog/STM32CubeFunctionPack_ALLMEMS1_V4.2.0/Drivers/BSP/SensorTile/SensorTile.c:342:13:SD_IO_SPI_Init	8	static
C:/Users/Patrick/Documents/DCU/Masters Project/masters_project/All-DataLog/STM32CubeFunctionPack_ALLMEMS1_V4.2.0/Drivers/BSP/SensorTile/SensorTile.c:416:13:SD_IO_SPI_Error	8	static
C:/Users/Patrick/Documents/DCU/Masters Project/masters_project/All-DataLog/STM32CubeFunctionPack_ALLMEMS1_V4.2.0/Drivers/BSP/SensorTile/SensorTile.c:316:13:SD_IO_SPI_Init_LS	8	static
C:/Users/Patrick/Documents/DCU/Masters Project/masters_project/All-DataLog/STM32CubeFunctionPack_ALLMEMS1_V4.2.0/Drivers/BSP/SensorTile/SensorTile.c:397:13:SD_IO_SPI_Write	16	static
C:/Users/Patrick/Documents/DCU/Masters Project/masters_project/All-DataLog/STM32CubeFunctionPack_ALLMEMS1_V4.2.0/Drivers/BSP/SensorTile/SensorTile.c:374:17:SD_IO_SPI_Read	24	static
C:/Users/Patrick/Documents/DCU/Masters Project/masters_project/All-DataLog/STM32CubeFunctionPack_ALLMEMS1_V4.2.0/Drivers/BSP/SensorTile/SensorTile.c:126:10:BSP_GetVersion	0	static
C:/Users/Patrick/Documents/DCU/Masters Project/masters_project/All-DataLog/STM32CubeFunctionPack_ALLMEMS1_V4.2.0/Drivers/BSP/SensorTile/SensorTile.c:139:6:BSP_LED_Init	40	static
C:/Users/Patrick/Documents/DCU/Masters Project/masters_project/All-DataLog/STM32CubeFunctionPack_ALLMEMS1_V4.2.0/Drivers/BSP/SensorTile/SensorTile.c:171:6:BSP_LED_DeInit	0	static
C:/Users/Patrick/Documents/DCU/Masters Project/masters_project/All-DataLog/STM32CubeFunctionPack_ALLMEMS1_V4.2.0/Drivers/BSP/SensorTile/SensorTile.c:186:6:BSP_LED_On	8	static
C:/Users/Patrick/Documents/DCU/Masters Project/masters_project/All-DataLog/STM32CubeFunctionPack_ALLMEMS1_V4.2.0/Drivers/BSP/SensorTile/SensorTile.c:208:6:BSP_LED_Off	8	static
C:/Users/Patrick/Documents/DCU/Masters Project/masters_project/All-DataLog/STM32CubeFunctionPack_ALLMEMS1_V4.2.0/Drivers/BSP/SensorTile/SensorTile.c:230:6:BSP_LED_Toggle	8	static
C:/Users/Patrick/Documents/DCU/Masters Project/masters_project/All-DataLog/STM32CubeFunctionPack_ALLMEMS1_V4.2.0/Drivers/BSP/SensorTile/SensorTile.c:481:6:SD_IO_CS_Init	32	static
C:/Users/Patrick/Documents/DCU/Masters Project/masters_project/All-DataLog/STM32CubeFunctionPack_ALLMEMS1_V4.2.0/Drivers/BSP/SensorTile/SensorTile.c:496:6:SD_IO_CS_DeInit	32	static
C:/Users/Patrick/Documents/DCU/Masters Project/masters_project/All-DataLog/STM32CubeFunctionPack_ALLMEMS1_V4.2.0/Drivers/BSP/SensorTile/SensorTile.c:514:6:SD_IO_WriteByte	8	static
C:/Users/Patrick/Documents/DCU/Masters Project/masters_project/All-DataLog/STM32CubeFunctionPack_ALLMEMS1_V4.2.0/Drivers/BSP/SensorTile/SensorTile.c:433:6:SD_IO_Init	8	static
C:/Users/Patrick/Documents/DCU/Masters Project/masters_project/All-DataLog/STM32CubeFunctionPack_ALLMEMS1_V4.2.0/Drivers/BSP/SensorTile/SensorTile.c:460:6:SD_IO_Init_LS	8	static
C:/Users/Patrick/Documents/DCU/Masters Project/masters_project/All-DataLog/STM32CubeFunctionPack_ALLMEMS1_V4.2.0/Drivers/BSP/SensorTile/SensorTile.c:527:6:SD_IO_WriteDMA	8	static
C:/Users/Patrick/Documents/DCU/Masters Project/masters_project/All-DataLog/STM32CubeFunctionPack_ALLMEMS1_V4.2.0/Drivers/BSP/SensorTile/SensorTile.c:543:9:SD_IO_ReadByte	8	static
C:/Users/Patrick/Documents/DCU/Masters Project/masters_project/All-DataLog/STM32CubeFunctionPack_ALLMEMS1_V4.2.0/Drivers/BSP/SensorTile/SensorTile.c:563:9:SD_IO_WriteCmd_wResp	16	static
C:/Users/Patrick/Documents/DCU/Masters Project/masters_project/All-DataLog/STM32CubeFunctionPack_ALLMEMS1_V4.2.0/Drivers/BSP/SensorTile/SensorTile.c:637:19:SD_IO_WaitResponse	16	static
C:/Users/Patrick/Documents/DCU/Masters Project/masters_project/All-DataLog/STM32CubeFunctionPack_ALLMEMS1_V4.2.0/Drivers/BSP/SensorTile/SensorTile.c:602:19:SD_IO_WriteCmd	24	static
C:/Users/Patrick/Documents/DCU/Masters Project/masters_project/All-DataLog/STM32CubeFunctionPack_ALLMEMS1_V4.2.0/Drivers/BSP/SensorTile/SensorTile.c:664:6:SD_IO_WriteDummy	8	static
C:/Users/Patrick/Documents/DCU/Masters Project/masters_project/All-DataLog/STM32CubeFunctionPack_ALLMEMS1_V4.2.0/Drivers/BSP/SensorTile/SensorTile.c:679:9:Sensor_IO_SPI_CS_Init_All	64	static
