C:/Users/Patrick/Documents/DCU/Masters Project/masters_project/All-DataLog/STM32CubeFunctionPack_ALLMEMS1_V4.2.0/Middlewares/ST/STM32_MetaDataManager/MetaDataManager.c:505:13:PrintOut_MDM_LicenseStatus	0	static
C:/Users/Patrick/Documents/DCU/Masters Project/masters_project/All-DataLog/STM32CubeFunctionPack_ALLMEMS1_V4.2.0/Middlewares/ST/STM32_MetaDataManager/MetaDataManager.c:373:17:ReCallMetaDataManager	280	static
C:/Users/Patrick/Documents/DCU/Masters Project/masters_project/All-DataLog/STM32CubeFunctionPack_ALLMEMS1_V4.2.0/Middlewares/ST/STM32_MetaDataManager/MetaDataManager.c:524:13:PrintOut_MDM_GMDStatus	272	static
C:/Users/Patrick/Documents/DCU/Masters Project/masters_project/All-DataLog/STM32CubeFunctionPack_ALLMEMS1_V4.2.0/Middlewares/ST/STM32_MetaDataManager/MetaDataManager.c:450:6:ReseMetaDataManager	0	static
C:/Users/Patrick/Documents/DCU/Masters Project/masters_project/All-DataLog/STM32CubeFunctionPack_ALLMEMS1_V4.2.0/Middlewares/ST/STM32_MetaDataManager/MetaDataManager.c:476:10:EraseMetaDataManager	272	static
C:/Users/Patrick/Documents/DCU/Masters Project/masters_project/All-DataLog/STM32CubeFunctionPack_ALLMEMS1_V4.2.0/Middlewares/ST/STM32_MetaDataManager/MetaDataManager.c:489:6:SaveMetaDataManager	264	static
C:/Users/Patrick/Documents/DCU/Masters Project/masters_project/All-DataLog/STM32CubeFunctionPack_ALLMEMS1_V4.2.0/Middlewares/ST/STM32_MetaDataManager/MetaDataManager.c:96:6:InitMetaDataManager	320	static
C:/Users/Patrick/Documents/DCU/Masters Project/masters_project/All-DataLog/STM32CubeFunctionPack_ALLMEMS1_V4.2.0/Middlewares/ST/STM32_MetaDataManager/MetaDataManager.c:543:9:MDM_LicenseParsing	280	static
C:/Users/Patrick/Documents/DCU/Masters Project/masters_project/All-DataLog/STM32CubeFunctionPack_ALLMEMS1_V4.2.0/Middlewares/ST/STM32_MetaDataManager/MetaDataManager.c:612:10:MetaDataLicenseStatus	0	static
C:/Users/Patrick/Documents/DCU/Masters Project/masters_project/All-DataLog/STM32CubeFunctionPack_ALLMEMS1_V4.2.0/Middlewares/ST/STM32_MetaDataManager/MetaDataManager.c:623:10:MDM_SaveGMD	272	static
C:/Users/Patrick/Documents/DCU/Masters Project/masters_project/All-DataLog/STM32CubeFunctionPack_ALLMEMS1_V4.2.0/Middlewares/ST/STM32_MetaDataManager/MetaDataManager.c:644:10:MDM_ReCallGMD	264	static
