C:/Users/Patrick/Documents/DCU/Masters Project/masters_project/All-DataLog/STM32CubeFunctionPack_ALLMEMS1_V4.2.0/Drivers/BSP/SensorTile/SensorTile_bus.c:706:13:SPI2_MspInit	40	static
C:/Users/Patrick/Documents/DCU/Masters Project/masters_project/All-DataLog/STM32CubeFunctionPack_ALLMEMS1_V4.2.0/Drivers/BSP/SensorTile/SensorTile_bus.c:868:13:SPI1_MspInit	40	static
C:/Users/Patrick/Documents/DCU/Masters Project/masters_project/All-DataLog/STM32CubeFunctionPack_ALLMEMS1_V4.2.0/Drivers/BSP/SensorTile/SensorTile_bus.c:770:13:I2C3_MspInit	176	static
C:/Users/Patrick/Documents/DCU/Masters Project/masters_project/All-DataLog/STM32CubeFunctionPack_ALLMEMS1_V4.2.0/Drivers/BSP/SensorTile/SensorTile_bus.c:732:13:SPI2_MspDeInit	8	static
C:/Users/Patrick/Documents/DCU/Masters Project/masters_project/All-DataLog/STM32CubeFunctionPack_ALLMEMS1_V4.2.0/Drivers/BSP/SensorTile/SensorTile_bus.c:896:13:SPI1_MspDeInit	8	static
C:/Users/Patrick/Documents/DCU/Masters Project/masters_project/All-DataLog/STM32CubeFunctionPack_ALLMEMS1_V4.2.0/Drivers/BSP/SensorTile/SensorTile_bus.c:816:13:I2C3_MspDeInit	8	static
C:/Users/Patrick/Documents/DCU/Masters Project/masters_project/All-DataLog/STM32CubeFunctionPack_ALLMEMS1_V4.2.0/Drivers/BSP/SensorTile/SensorTile_bus.c:132:9:BSP_I2C3_DeInit	8	static
C:/Users/Patrick/Documents/DCU/Masters Project/masters_project/All-DataLog/STM32CubeFunctionPack_ALLMEMS1_V4.2.0/Drivers/BSP/SensorTile/SensorTile_bus.c:151:9:BSP_I2C3_IsReady	8	static
C:/Users/Patrick/Documents/DCU/Masters Project/masters_project/All-DataLog/STM32CubeFunctionPack_ALLMEMS1_V4.2.0/Drivers/BSP/SensorTile/SensorTile_bus.c:162:9:BSP_I2C3_WriteReg	24	static
C:/Users/Patrick/Documents/DCU/Masters Project/masters_project/All-DataLog/STM32CubeFunctionPack_ALLMEMS1_V4.2.0/Drivers/BSP/SensorTile/SensorTile_bus.c:181:10:BSP_I2C3_ReadReg	24	static
C:/Users/Patrick/Documents/DCU/Masters Project/masters_project/All-DataLog/STM32CubeFunctionPack_ALLMEMS1_V4.2.0/Drivers/BSP/SensorTile/SensorTile_bus.c:201:9:BSP_I2C3_WriteReg16	24	static
C:/Users/Patrick/Documents/DCU/Masters Project/masters_project/All-DataLog/STM32CubeFunctionPack_ALLMEMS1_V4.2.0/Drivers/BSP/SensorTile/SensorTile_bus.c:220:10:BSP_I2C3_ReadReg16	24	static
C:/Users/Patrick/Documents/DCU/Masters Project/masters_project/All-DataLog/STM32CubeFunctionPack_ALLMEMS1_V4.2.0/Drivers/BSP/SensorTile/SensorTile_bus.c:240:9:BSP_I2C3_Send	16	static
C:/Users/Patrick/Documents/DCU/Masters Project/masters_project/All-DataLog/STM32CubeFunctionPack_ALLMEMS1_V4.2.0/Drivers/BSP/SensorTile/SensorTile_bus.c:257:9:BSP_I2C3_Recv	16	static
C:/Users/Patrick/Documents/DCU/Masters Project/masters_project/All-DataLog/STM32CubeFunctionPack_ALLMEMS1_V4.2.0/Drivers/BSP/SensorTile/SensorTile_bus.c:275:9:BSP_I2C3_SendRecv	24	static
C:/Users/Patrick/Documents/DCU/Masters Project/masters_project/All-DataLog/STM32CubeFunctionPack_ALLMEMS1_V4.2.0/Drivers/BSP/SensorTile/SensorTile_bus.c:333:9:BSP_SPI2_DeInit	8	static
C:/Users/Patrick/Documents/DCU/Masters Project/masters_project/All-DataLog/STM32CubeFunctionPack_ALLMEMS1_V4.2.0/Drivers/BSP/SensorTile/SensorTile_bus.c:353:9:BSP_SPI2_Send	8	static
C:/Users/Patrick/Documents/DCU/Masters Project/masters_project/All-DataLog/STM32CubeFunctionPack_ALLMEMS1_V4.2.0/Drivers/BSP/SensorTile/SensorTile_bus.c:370:10:BSP_SPI2_Recv	8	static
C:/Users/Patrick/Documents/DCU/Masters Project/masters_project/All-DataLog/STM32CubeFunctionPack_ALLMEMS1_V4.2.0/Drivers/BSP/SensorTile/SensorTile_bus.c:387:9:BSP_SPI2_SendRecv	16	static
C:/Users/Patrick/Documents/DCU/Masters Project/masters_project/All-DataLog/STM32CubeFunctionPack_ALLMEMS1_V4.2.0/Drivers/BSP/SensorTile/SensorTile_bus.c:438:9:BSP_SPI1_DeInit	8	static
C:/Users/Patrick/Documents/DCU/Masters Project/masters_project/All-DataLog/STM32CubeFunctionPack_ALLMEMS1_V4.2.0/Drivers/BSP/SensorTile/SensorTile_bus.c:458:9:BSP_SPI1_Send	8	static
C:/Users/Patrick/Documents/DCU/Masters Project/masters_project/All-DataLog/STM32CubeFunctionPack_ALLMEMS1_V4.2.0/Drivers/BSP/SensorTile/SensorTile_bus.c:475:10:BSP_SPI1_Recv	8	static
C:/Users/Patrick/Documents/DCU/Masters Project/masters_project/All-DataLog/STM32CubeFunctionPack_ALLMEMS1_V4.2.0/Drivers/BSP/SensorTile/SensorTile_bus.c:492:9:BSP_SPI1_SendRecv	16	static
C:/Users/Patrick/Documents/DCU/Masters Project/masters_project/All-DataLog/STM32CubeFunctionPack_ALLMEMS1_V4.2.0/Drivers/BSP/SensorTile/SensorTile_bus.c:669:9:BSP_GetTick	8	static
C:/Users/Patrick/Documents/DCU/Masters Project/masters_project/All-DataLog/STM32CubeFunctionPack_ALLMEMS1_V4.2.0/Drivers/BSP/SensorTile/SensorTile_bus.c:675:26:MX_SPI2_Init	16	static
C:/Users/Patrick/Documents/DCU/Masters Project/masters_project/All-DataLog/STM32CubeFunctionPack_ALLMEMS1_V4.2.0/Drivers/BSP/SensorTile/SensorTile_bus.c:299:9:BSP_SPI2_Init	8	static
C:/Users/Patrick/Documents/DCU/Masters Project/masters_project/All-DataLog/STM32CubeFunctionPack_ALLMEMS1_V4.2.0/Drivers/BSP/SensorTile/SensorTile_bus.c:754:26:MX_I2C3_Init	8	static
C:/Users/Patrick/Documents/DCU/Masters Project/masters_project/All-DataLog/STM32CubeFunctionPack_ALLMEMS1_V4.2.0/Drivers/BSP/SensorTile/SensorTile_bus.c:92:9:BSP_I2C3_Init	8	static
C:/Users/Patrick/Documents/DCU/Masters Project/masters_project/All-DataLog/STM32CubeFunctionPack_ALLMEMS1_V4.2.0/Drivers/BSP/SensorTile/SensorTile_bus.c:843:26:MX_SPI1_Init	8	static
C:/Users/Patrick/Documents/DCU/Masters Project/masters_project/All-DataLog/STM32CubeFunctionPack_ALLMEMS1_V4.2.0/Drivers/BSP/SensorTile/SensorTile_bus.c:404:9:BSP_SPI1_Init	8	static
